> Task :app:preBuild UP-TO-DATE
> Task :app:preDebugBuild UP-TO-DATE
> Task :app:mergeDebugNativeDebugMetadata NO-SOURCE
> Task :app:dataBindingMergeDependencyArtifactsDebug UP-TO-DATE
> Task :app:generateDebugResValues UP-TO-DATE
> Task :app:generateDebugResources UP-TO-DATE
> Task :app:processDebugGoogleServices UP-TO-DATE
> Task :app:mergeDebugResources UP-TO-DATE
> Task :app:packageDebugResources UP-TO-DATE
> Task :app:processDebugNavigationResources UP-TO-DATE
> Task :app:parseDebugLocalResources UP-TO-DATE
> Task :app:dataBindingGenBaseClassesDebug UP-TO-DATE
> Task :app:javaPreCompileDebug UP-TO-DATE
> Task :app:checkDebugAarMetadata UP-TO-DATE
> Task :app:compileDebugNavigationResources UP-TO-DATE
> Task :app:mapDebugSourceSetPaths UP-TO-DATE
> Task :app:createDebugCompatibleScreenManifests UP-TO-DATE
> Task :app:extractDeepLinksDebug UP-TO-DATE
> Task :app:processDebugMainManifest UP-TO-DATE
> Task :app:processDebugManifest UP-TO-DATE
> Task :app:processDebugManifestForPackage UP-TO-DATE
> Task :app:processDebugResources UP-TO-DATE

> Task :app:compileDebugJavaWithJavac FAILED
./gradlew : C:\Users\User\AntigravityProject\MealShare-Android-App\app\src\main\java\com\example\mealshare\ProfilePage\MyListsFragment.java:72: error: cannot find symbol
At line:1 char:1
+ ./gradlew assembleDebug > build_output.txt 2>&1
+ ~~~~~~~~~~~~~~~~~~~~~~~~~~~~~~~~~~~~~~~~~~~~~~~
    + CategoryInfo              : NotSpe    cified: (C:\User    s\User\A...not f    ind symbol:Strin    g) [], RemoteExc    eption
    + FullyQualified    ErrorId : Native    CommandError
 
                    .replace(R.id.frame_layout, detailFragment)
                                 ^
  symbol:   variable frame_layout
  location: class id
C:\Users\User\AntigravityProject\MealShare-Android-App\app\src\main\java\com\example\mealshare\ProfilePage\MyRequestsFragment.java:71: error: cannot find symbol
                    .replace(R.id.frame_layout, detailFragment) // Ensure this ID matches main layout
                                 ^
  symbol:   variable frame_layout
  location: class id
Note: Some input files use or override a deprecated API.
Note: Recompile with -Xlint:deprecation for details.
2 errors

[Incubating] Problems report is available at: file:///C:/Users/User/AntigravityProject/MealShare-Android-App/build/reports/problems/problems-report.html

FAILURE: Build failed with an exception.

* What went wrong:
Execution failed for task ':app:compileDebugJavaWithJavac'.
> Compilation failed; see the compiler output below.
  C:\Users\User\AntigravityProject\MealShare-Android-App\app\src\main\java\com\example\mealshare\ProfilePage\MyListsFragment.java:72: error: cannot find symbol
                      .replace(R.id.frame_layout, detailFragment)
                                   ^
    symbol:   variable frame_layout
    location: class id
  C:\Users\User\AntigravityProject\MealShare-Android-App\app\src\main\java\com\example\mealshare\ProfilePage\MyRequestsFragment.java:71: error: cannot find symbol
                      .replace(R.id.frame_layout, detailFragment) // Ensure this ID matches main layout
                                   ^
    symbol:   variable frame_layout
    location: class id
  Note: Some input files use or override a deprecated API.
  Note: Recompile with -Xlint:deprecation for details.
  2 errors

* Try:
> Check your code and dependencies to fix the compilation error(s)
> Run with --scan to get full insights.

BUILD FAILED in 4s
20 actionable tasks: 1 executed, 19 up-to-date
